
========================================
  鑽埧浜ょ彮绯荤粺 - 鏉冮檺閾捐矾鍥炲綊娴嬭瘯
========================================

--- [鍒濆鍖朷 閲嶇疆鏁版嵁 + 鍔犺浇婕旂ず鏍蜂緥 ---
    婕旂ず鏍蜂緥鍔犺浇瀹屾垚

--- 1. 鐢ㄦ埛鐧诲綍娴嬭瘯 ---
  鉁?鑽笀鐧诲綍鎴愬姛
  鉁?鎶ゅ＋鐧诲綍鎴愬姛
  鉁?閿欒瀵嗙爜鐧诲綍澶辫触

--- 2. 鈽?鏍稿績淇锛氭姢澹紑鐝潈闄愭祴璇?鈽?---
  鉁?銆愬洖褰掔敤渚嬨€戞姢澹皟鐢?openShift 涓氬姟灞傝鎷︽埅
  鉁?鑽笀璋冪敤 openShift 鎴愬姛
  鉁?鎶ゅ＋閲嶅璋冪敤灏濊瘯寮€鐝?(宸叉湁鍏崇彮鐨勮嵂甯堢彮娆?

--- 3. 鎶ゅ＋鍏崇彮 / 宸紓澶勭悊鏉冮檺娴嬭瘯 ---
  鉁?鎶ゅ＋璋冪敤 closeShift 琚嫤鎴?  鉁?鎶ゅ＋璋冪敤 resolveDiscrepancy 琚嫤鎴?  鉁?鑽笀澶勭悊宸紓鎴愬姛

--- 4. 鎶ゅ＋淇鐢宠 vs 瀹℃壒鏉冮檺娴嬭瘯 ---
  鉁?鎶ゅ＋鐢宠淇鎴愬姛 (鍏佽鐢宠锛屼笉鍏佽瀹℃壒)
  鉁?銆愭牳蹇冦€戞姢澹鎵逛慨姝ｇ敵璇疯鎷掔粷
  鉁?鑽笀瀹℃壒淇鐢宠鎴愬姛

--- 5. 璐熸暟鏁伴噺/鏈煡缂栫爜 淇濆瓨鏍￠獙 ---
  鉁?璐熸暟鏁伴噺涓嶈兘淇濆瓨
  鉁?闈炴暟瀛楁暟閲忎笉鑳戒繚瀛?
--- 6. 鍙楁帶鑽樊寮傛湭瑙ｅ喅涓嶈兘鍏崇彮 ---
  鉁?鏈В鍐冲彈鎺у樊寮傛椂鍏崇彮琚嫆缁?  鉁?瑙ｅ喅鍙楁帶宸紓鍚庡叧鐝垚鍔?
--- 7. 瀹¤鏃ュ織涓庤矗浠讳汉杩芥函 ---
  鉁?寮€鐝秺鏉冨皾璇曚細鍐欏叆瀹¤鏃ュ織
  鉁?寮€鐝矗浠讳汉璁板綍姝ｇ‘
  鉁?宸紓澶勭悊璐ｄ换浜鸿褰曟纭?  鉁?鎶ゅ＋瀹℃壒灏濊瘯鏈€氳繃锛堝璁¤拷婧級

--- 8. 鏁版嵁鎸佷箙鍖栦竴鑷存€э紙妯℃嫙閲嶅惎锛?---
  鉁?閲嶅惎妯℃嫙锛氶噸鏂板姞杞藉悗鏁版嵁涓€鑷?
--- 9. 瑙掕壊鍒囨崲锛氳嵂甯?-> 鎶ゅ＋ -> 鑽笀 ---
  鉁?瀹屾暣瑙掕壊鍒囨崲娴佺▼锛氬悇鏉冮檺杈圭晫姝ｇ‘

========================================
  娴嬭瘯缁撴灉锛?2/22 閫氳繃
========================================

  馃帀 鎵€鏈夋潈闄愰摼璺洖褰掓祴璇曢€氳繃锛?
